[
  {
    "command": "cc -c -o schedule.o -std=c89 /home/mingyue/Documents/Angelix/angelix/TSE/.angelix/golden/schedule.c -I/home/mingyue/Documents/Angelix/angelix/build/include -include /home/mingyue/Documents/Angelix/angelix/src/runtime/runtime.h -D ANGELIX_INSTRUMENTATION",
    "file": "/home/mingyue/Documents/Angelix/angelix/TSE/.angelix/golden/schedule.c",
    "directory": "/home/mingyue/Documents/Angelix/angelix/TSE/.angelix/golden/."
  }
]